// Jest Snapshot v1, https://goo.gl/fbAQLP

exports[`App component only should be mounted correctly 1`] = `
<HashRouter>
  <Layout
    monoColumn={false}
  >
    <withI18n(Sidebar) />
    <Main>
      <Content
        className="app-content"
      >
        <Switch>
          <Route
            component={[Function]}
            path="/todos"
          />
          <Route
            component={[Function]}
            path="/viewhello1"
          />
          <Route
            component={[Function]}
            path="/viewhello2"
          />
          <Redirect
            from="/"
            push={false}
            to="/todos"
          />
          <Redirect
            from="*"
            push={false}
            to="/todos"
          />
        </Switch>
      </Content>
    </Main>
    <IconSprite />
  </Layout>
</HashRouter>
`;
