// Jest Snapshot v1, https://goo.gl/fbAQLP

exports[`TodoAdd component: should be rendered correctly 1`] = `
<div>
  <h2>
    Add a new Todo:
  </h2>
  <Label
    className=""
    error={false}
  >
    Todo name:
  </Label>
  <Input
    error={false}
    fullwidth={false}
    onChange={[Function]}
    onKeyUp={[Function]}
    type="text"
    value=""
  />
  <DefaultButton
    busy={false}
    extension="narrow"
    label="add"
    onClick={[Function]}
    size="large"
  />
</div>
`;

exports[`TodoAdd component: should handle isWorking correctly (display spinner) 1`] = `
ShallowWrapper {
  "length": 1,
  Symbol(enzyme.__root__): [Circular],
  Symbol(enzyme.__unrendered__): <TodoAdd
    createTodo={[MockFunction]}
  />,
  Symbol(enzyme.__renderer__): Object {
    "batchedUpdates": [Function],
    "getNode": [Function],
    "render": [Function],
    "simulateEvent": [Function],
    "unmount": [Function],
  },
  Symbol(enzyme.__node__): Object {
    "instance": null,
    "key": undefined,
    "nodeType": "host",
    "props": Object {
      "children": Array [
        <h2>
          Add a new Todo:
        </h2>,
        <Label
          className=""
          error={false}
        >
          Todo name:
        </Label>,
        <Input
          error={false}
          fullwidth={false}
          onChange={[Function]}
          onKeyUp={[Function]}
          type="text"
          value=""
        />,
        <DefaultButton
          busy={true}
          extension="narrow"
          label="add"
          onClick={[Function]}
          size="large"
        />,
      ],
    },
    "ref": null,
    "rendered": Array [
      Object {
        "instance": null,
        "key": undefined,
        "nodeType": "host",
        "props": Object {
          "children": "Add a new Todo:",
        },
        "ref": null,
        "rendered": "Add a new Todo:",
        "type": "h2",
      },
      Object {
        "instance": null,
        "key": undefined,
        "nodeType": "function",
        "props": Object {
          "children": "Todo name:",
          "className": "",
          "error": false,
        },
        "ref": null,
        "rendered": "Todo name:",
        "type": [Function],
      },
      Object {
        "instance": null,
        "key": undefined,
        "nodeType": "function",
        "props": Object {
          "error": false,
          "fullwidth": false,
          "onChange": [Function],
          "onKeyUp": [Function],
          "type": "text",
          "value": "",
        },
        "ref": null,
        "rendered": null,
        "type": [Function],
      },
      Object {
        "instance": null,
        "key": undefined,
        "nodeType": "function",
        "props": Object {
          "busy": true,
          "extension": "narrow",
          "label": "add",
          "onClick": [Function],
          "size": "large",
        },
        "ref": null,
        "rendered": null,
        "type": [Function],
      },
    ],
    "type": "div",
  },
  Symbol(enzyme.__nodes__): Array [
    Object {
      "instance": null,
      "key": undefined,
      "nodeType": "host",
      "props": Object {
        "children": Array [
          <h2>
            Add a new Todo:
          </h2>,
          <Label
            className=""
            error={false}
          >
            Todo name:
          </Label>,
          <Input
            error={false}
            fullwidth={false}
            onChange={[Function]}
            onKeyUp={[Function]}
            type="text"
            value=""
          />,
          <DefaultButton
            busy={true}
            extension="narrow"
            label="add"
            onClick={[Function]}
            size="large"
          />,
        ],
      },
      "ref": null,
      "rendered": Array [
        Object {
          "instance": null,
          "key": undefined,
          "nodeType": "host",
          "props": Object {
            "children": "Add a new Todo:",
          },
          "ref": null,
          "rendered": "Add a new Todo:",
          "type": "h2",
        },
        Object {
          "instance": null,
          "key": undefined,
          "nodeType": "function",
          "props": Object {
            "children": "Todo name:",
            "className": "",
            "error": false,
          },
          "ref": null,
          "rendered": "Todo name:",
          "type": [Function],
        },
        Object {
          "instance": null,
          "key": undefined,
          "nodeType": "function",
          "props": Object {
            "error": false,
            "fullwidth": false,
            "onChange": [Function],
            "onKeyUp": [Function],
            "type": "text",
            "value": "",
          },
          "ref": null,
          "rendered": null,
          "type": [Function],
        },
        Object {
          "instance": null,
          "key": undefined,
          "nodeType": "function",
          "props": Object {
            "busy": true,
            "extension": "narrow",
            "label": "add",
            "onClick": [Function],
            "size": "large",
          },
          "ref": null,
          "rendered": null,
          "type": [Function],
        },
      ],
      "type": "div",
    },
  ],
  Symbol(enzyme.__options__): Object {
    "adapter": ReactSixteenAdapter {
      "options": Object {
        "enableComponentDidUpdateOnSetState": true,
      },
    },
  },
}
`;
